2026-06-02 08:15:58, MOVE, v:1, k:ed@pilha, mode:PICK
2026-06-02 08:18:27, MOVE, v:1, k:ed@pilha, mode:EDIT
2026-06-02 08:22:53, EXEC, v:1, k:ed@pilha, mode:FULL, size:91, fail:COMP
2026-06-02 08:22:58, EXEC, v:1, k:ed@pilha, mode:FULL, size:91, fail:COMP
2026-06-02 08:23:44, EXEC, v:1, k:ed@pilha, mode:FULL, rate:33, size:91
2026-06-02 08:24:03, MOVE, v:1, k:ed@pilha, mode:EDIT
2026-06-02 08:27:07, MOVE, v:1, k:ed@pilha, mode:BACK
2026-06-02 08:27:15, MOVE, v:1, k:ed@pilha, mode:PICK
2026-06-02 08:31:17, EXEC, v:1, k:ed@pilha, mode:FULL, rate:33, size:100
2026-06-02 08:31:27, EXEC, v:1, k:ed@pilha, mode:FULL, size:100, fail:COMP
2026-06-02 08:31:37, MOVE, v:1, k:ed@pilha, mode:EDIT
2026-06-02 08:32:26, EXEC, v:1, k:ed@pilha, mode:FULL, size:104, fail:COMP
2026-06-02 08:33:10, EXEC, v:1, k:ed@pilha, mode:FULL, size:108, fail:COMP
2026-06-02 08:34:01, EXEC, v:1, k:ed@pilha, mode:FULL, fail:COMP
2026-06-02 08:36:10, EXEC, v:1, k:ed@pilha, mode:FULL, rate:66, size:108
2026-06-02 08:36:08, MOVE, v:1, k:ed@pilha, mode:EDIT
2026-06-02 08:40:10, EXEC, v:1, k:ed@pilha, mode:FULL, rate:100, size:116
2026-06-02 08:40:51, EXEC, v:1, k:ed@pilha, mode:FULL, rate:66, size:116
2026-06-02 08:40:56, EXEC, v:1, k:ed@pilha, mode:FULL, rate:100, size:116
2026-06-02 08:40:57, MOVE, v:1, k:ed@pilha, mode:BACK
2026-06-02 08:41:17, SELF, v:1, k:ed@pilha, self:1, rate:100, study:60, concept:1, refactor:1
