2026-07-05 20:28:43, MOVE, v:1, k:ed@escapeSpread, mode:DOWN
2026-07-05 20:28:44, MOVE, v:1, k:ed@escapeSpread, mode:PICK
2026-07-05 20:28:43, MOVE, v:1, k:ed@escapeSpread, mode:EDIT
2026-07-05 20:31:47, MOVE, v:1, k:ed@escapeSpread, mode:EDIT
2026-07-05 20:37:08, MOVE, v:1, k:ed@escapeSpread, mode:BACK
2026-07-05 20:37:15, MOVE, v:1, k:ed@escapeSpread, mode:PICK
2026-07-05 20:37:25, EXEC, v:1, k:ed@escapeSpread, mode:FULL, size:35, fail:COMP
2026-07-05 20:37:33, MOVE, v:1, k:ed@escapeSpread, mode:BACK
2026-07-05 20:37:39, MOVE, v:1, k:ed@escapeSpread, mode:PICK
2026-07-05 20:37:03, MOVE, v:1, k:ed@escapeSpread, mode:EDIT
2026-07-05 20:40:09, MOVE, v:1, k:ed@escapeSpread, mode:BACK
2026-07-05 20:40:31, MOVE, v:1, k:ed@escapeSpread, mode:PICK
2026-07-05 20:42:19, MOVE, v:1, k:ed@escapeSpread, mode:BACK
2026-07-05 20:42:44, MOVE, v:1, k:ed@escapeSpread, mode:PICK
2026-07-05 20:43:16, MOVE, v:1, k:ed@escapeSpread, mode:EDIT
2026-07-05 20:49:05, MOVE, v:1, k:ed@escapeSpread, mode:BACK
2026-07-05 20:49:20, MOVE, v:1, k:ed@escapeSpread, mode:PICK
2026-07-05 20:52:04, MOVE, v:1, k:ed@escapeSpread, mode:EDIT
2026-07-05 20:57:48, MOVE, v:1, k:ed@escapeSpread, mode:EDIT
2026-07-05 20:59:44, MOVE, v:1, k:ed@escapeSpread, mode:BACK
2026-07-05 20:59:57, MOVE, v:1, k:ed@escapeSpread, mode:PICK
2026-07-05 21:00:02, EXEC, v:1, k:ed@escapeSpread, mode:FULL, size:60, fail:COMP
2026-07-05 21:00:04, MOVE, v:1, k:ed@escapeSpread, mode:BACK
2026-07-05 21:00:06, MOVE, v:1, k:ed@escapeSpread, mode:PICK
2026-07-05 21:14:48, EXEC, v:1, k:ed@escapeSpread, mode:FULL, size:62, fail:COMP
2026-07-05 21:14:42, MOVE, v:1, k:ed@escapeSpread, mode:EDIT
2026-07-05 21:18:50, EXEC, v:1, k:ed@escapeSpread, mode:FULL, size:68, fail:COMP
2026-07-05 21:18:51, MOVE, v:1, k:ed@escapeSpread, mode:BACK
2026-07-05 21:19:15, MOVE, v:1, k:ed@escapeSpread, mode:PICK
2026-07-05 21:23:31, MOVE, v:1, k:ed@escapeSpread, mode:EDIT
2026-07-05 21:28:59, MOVE, v:1, k:ed@escapeSpread, mode:EDIT
2026-07-05 21:32:18, EXEC, v:1, k:ed@escapeSpread, mode:FULL, size:85, fail:COMP
2026-07-05 21:32:31, EXEC, v:1, k:ed@escapeSpread, mode:FULL, size:87, fail:COMP
2026-07-05 21:33:13, EXEC, v:1, k:ed@escapeSpread, mode:FULL, size:87, fail:COMP
2026-07-05 21:34:01, EXEC, v:1, k:ed@escapeSpread, mode:FULL, size:93, fail:COMP
2026-07-05 21:33:59, MOVE, v:1, k:ed@escapeSpread, mode:EDIT
2026-07-05 21:34:33, EXEC, v:1, k:ed@escapeSpread, mode:FULL, size:93, fail:COMP
2026-07-05 21:34:54, EXEC, v:1, k:ed@escapeSpread, mode:FULL, size:93, fail:COMP
2026-07-05 21:36:26, EXEC, v:1, k:ed@escapeSpread, mode:FULL, size:93, fail:COMP
2026-07-05 21:38:10, EXEC, v:1, k:ed@escapeSpread, mode:FULL, size:93, fail:COMP
2026-07-05 21:38:04, MOVE, v:1, k:ed@escapeSpread, mode:EDIT
2026-07-05 21:39:43, EXEC, v:1, k:ed@escapeSpread, mode:FULL, size:96, fail:COMP
2026-07-05 21:41:21, MOVE, v:1, k:ed@escapeSpread, mode:EDIT
2026-07-05 21:46:21, EXEC, v:1, k:ed@escapeSpread, mode:FULL, rate:33, size:108
2026-07-05 21:46:23, EXEC, v:1, k:ed@escapeSpread, mode:FULL, rate:33
2026-07-05 21:47:54, MOVE, v:1, k:ed@escapeSpread, mode:EDIT
2026-07-05 21:50:05, EXEC, v:1, k:ed@escapeSpread, mode:FULL, rate:66, size:105
2026-07-05 21:52:02, EXEC, v:1, k:ed@escapeSpread, mode:FULL, rate:66, size:109
2026-07-05 21:51:55, MOVE, v:1, k:ed@escapeSpread, mode:EDIT
2026-07-05 21:55:24, EXEC, v:1, k:ed@escapeSpread, mode:FULL, size:111, fail:COMP
2026-07-05 21:55:49, EXEC, v:1, k:ed@escapeSpread, mode:FULL, rate:100, size:111
2026-07-05 21:55:51, MOVE, v:1, k:ed@escapeSpread, mode:BACK
2026-07-05 21:56:56, SELF, v:1, k:ed@escapeSpread, self:1, rate:100, study:87, concept:1, problem:1, refactor:1
2026-07-05 21:57:38, MOVE, v:1, k:ed@escapeSpread, mode:PICK
2026-07-05 21:57:46, EXEC, v:1, k:ed@escapeSpread, mode:FULL, rate:100, size:127
2026-07-05 21:57:48, MOVE, v:1, k:ed@escapeSpread, mode:BACK
2026-07-05 21:57:51, SELF, v:1, k:ed@escapeSpread, self:1, rate:100, study:87, concept:1, problem:1, refactor:1
2026-07-05 22:26:48, MOVE, v:1, k:ed@pilhado, mode:PICK
2026-07-05 22:27:14, MOVE, v:1, k:ed@pilhado, mode:BACK
2026-07-05 22:27:17, MOVE, v:1, k:ed@pilhado, mode:PICK
2026-07-05 22:27:50, MOVE, v:1, k:ed@pilhado, mode:PICK
2026-07-05 22:33:02, MOVE, v:1, k:ed@pilhado, mode:BACK
2026-07-05 22:33:06, MOVE, v:1, k:ed@balanceada, mode:DOWN
2026-07-05 22:33:09, MOVE, v:1, k:ed@balanceada, mode:PICK
2026-07-05 22:33:12, MOVE, v:1, k:ed@balanceada, mode:BACK
2026-07-05 22:35:04, MOVE, v:1, k:ed@balanceada, mode:PICK
2026-07-05 22:38:20, MOVE, v:1, k:ed@balanceada, mode:EDIT
2026-07-05 22:39:32, MOVE, v:1, k:ed@balanceada, mode:BACK
2026-07-05 22:39:58, MOVE, v:1, k:ed@balanceada, mode:PICK
2026-07-05 22:40:00, MOVE, v:1, k:ed@balanceada, mode:BACK
2026-07-05 22:40:02, MOVE, v:1, k:ed@balanceada, mode:PICK
2026-07-05 22:40:10, EXEC, v:1, k:ed@balanceada, mode:FULL, size:13, fail:COMP
2026-07-05 22:40:11, MOVE, v:1, k:ed@balanceada, mode:BACK
2026-07-05 22:40:23, MOVE, v:1, k:ed@balanceada, mode:PICK
2026-07-05 22:44:35, MOVE, v:1, k:ed@balanceada, mode:EDIT
2026-07-05 22:47:51, MOVE, v:1, k:ed@balanceada, mode:BACK
2026-07-05 22:48:05, MOVE, v:1, k:ed@balanceada, mode:PICK
2026-07-05 22:48:08, EXEC, v:1, k:ed@balanceada, mode:FULL, size:28, fail:COMP
2026-07-05 22:48:40, EXEC, v:1, k:ed@balanceada, mode:FULL, rate:40, size:28
2026-07-05 22:49:39, EXEC, v:1, k:ed@balanceada, mode:FULL, rate:40, size:29
2026-07-05 22:50:51, MOVE, v:1, k:ed@balanceada, mode:BACK
2026-07-05 22:51:11, MOVE, v:1, k:ed@balanceada, mode:PICK
2026-07-05 22:53:49, MOVE, v:1, k:ed@balanceada, mode:BACK
2026-07-05 22:53:56, MOVE, v:1, k:ed@balanceada, mode:PICK
2026-07-05 22:55:52, EXEC, v:1, k:ed@balanceada, mode:FULL, rate:40, size:34
2026-07-05 22:56:01, MOVE, v:1, k:ed@balanceada, mode:BACK
2026-07-05 22:56:11, MOVE, v:1, k:ed@balanceada, mode:PICK
2026-07-05 22:56:40, EXEC, v:1, k:ed@balanceada, mode:FULL, rate:40, size:35
2026-07-05 22:58:15, MOVE, v:1, k:ed@balanceada, mode:BACK
2026-07-05 22:58:20, MOVE, v:1, k:ed@balanceada, mode:PICK
2026-07-05 23:00:07, MOVE, v:1, k:ed@balanceada, mode:EDIT
2026-07-05 23:01:19, EXEC, v:1, k:ed@balanceada, mode:FULL, rate:90, size:40
2026-07-05 23:01:21, EXEC, v:1, k:ed@balanceada, mode:FULL, rate:90
2026-07-05 23:01:58, MOVE, v:1, k:ed@balanceada, mode:BACK
2026-07-05 23:02:00, MOVE, v:1, k:ed@balanceada, mode:PICK
2026-07-05 23:03:03, MOVE, v:1, k:ed@balanceada, mode:BACK
2026-07-05 23:03:07, MOVE, v:1, k:ed@balanceada, mode:PICK
2026-07-05 23:03:10, EXEC, v:1, k:ed@balanceada, mode:FULL, rate:100, size:42
2026-07-05 23:03:32, MOVE, v:1, k:ed@balanceada, mode:BACK
2026-07-05 23:03:44, MOVE, v:1, k:ed@balanceada, mode:PICK
2026-07-05 23:03:57, EXEC, v:1, k:ed@balanceada, mode:FULL, rate:100, size:41
2026-07-05 23:03:59, MOVE, v:1, k:ed@balanceada, mode:BACK
2026-07-05 23:04:11, SELF, v:1, k:ed@balanceada, self:1, rate:100, study:30, refactor:1
2026-07-05 23:05:33, MOVE, v:1, k:ed@bst_serial, mode:DOWN
2026-07-05 23:05:34, MOVE, v:1, k:ed@bst_serial, mode:PICK
2026-07-05 23:03:52, MOVE, v:1, k:ed@balanceada, mode:EDIT
2026-07-05 23:05:33, MOVE, v:1, k:ed@bst_serial, mode:EDIT
2026-07-05 23:05:33, MOVE, v:1, k:ed@bst_serial, mode:EDIT
2026-07-05 23:08:41, MOVE, v:1, k:ed@bst_serial, mode:BACK
2026-07-05 23:08:55, SELF, v:1, k:ed@prin_list1, self:1, concept:1, refactor:1
2026-07-05 23:09:08, MOVE, v:1, k:ed@magicsearch, mode:DOWN
2026-07-05 23:09:09, MOVE, v:1, k:ed@magicsearch, mode:PICK
2026-07-05 23:09:08, MOVE, v:1, k:ed@magicsearch, mode:EDIT
2026-07-05 23:09:08, MOVE, v:1, k:ed@magicsearch, mode:EDIT
2026-07-05 23:11:18, MOVE, v:1, k:ed@magicsearch, mode:BACK
2026-07-05 23:11:31, MOVE, v:1, k:ed@magicsearch, mode:PICK
2026-07-05 23:12:46, MOVE, v:1, k:ed@magicsearch, mode:BACK
2026-07-05 23:12:50, MOVE, v:1, k:ed@magicsearch, mode:PICK
2026-07-05 23:12:53, EXEC, v:1, k:ed@magicsearch, mode:FULL, size:34, fail:COMP
2026-07-05 23:14:25, EXEC, v:1, k:ed@magicsearch, mode:FULL, rate:10, size:39
2026-07-05 23:14:31, MOVE, v:1, k:ed@magicsearch, mode:BACK
2026-07-05 23:14:32, MOVE, v:1, k:ed@magicsearch, mode:PICK
2026-07-05 23:14:18, MOVE, v:1, k:ed@magicsearch, mode:EDIT
2026-07-05 23:19:37, EXEC, v:1, k:ed@magicsearch, mode:FULL, rate:10, size:41
2026-07-05 23:19:52, EXEC, v:1, k:ed@magicsearch, mode:FULL, rate:20, size:42
2026-07-05 23:19:52, MOVE, v:1, k:ed@magicsearch, mode:BACK
2026-07-05 23:20:08, MOVE, v:1, k:ed@magicsearch, mode:PICK
2026-07-05 23:21:50, MOVE, v:1, k:ed@magicsearch, mode:BACK
2026-07-05 23:21:58, MOVE, v:1, k:ed@magicsearch, mode:PICK
2026-07-05 23:25:04, EXEC, v:1, k:ed@magicsearch, mode:FULL, rate:20, size:44
2026-07-05 23:25:25, EXEC, v:1, k:ed@magicsearch, mode:FULL, rate:50, size:46
2026-07-05 23:25:32, MOVE, v:1, k:ed@magicsearch, mode:BACK
2026-07-05 23:25:39, MOVE, v:1, k:ed@magicsearch, mode:PICK
2026-07-05 23:28:04, MOVE, v:1, k:ed@magicsearch, mode:BACK
2026-07-05 23:28:11, MOVE, v:1, k:ed@magicsearch, mode:PICK
2026-07-05 23:28:13, EXEC, v:1, k:ed@magicsearch, mode:FULL, rate:100, size:46
2026-07-05 23:30:06, EXEC, v:1, k:ed@magicsearch, mode:FULL, rate:100, size:47
2026-07-05 23:32:33, MOVE, v:1, k:ed@magicsearch, mode:BACK
2026-07-05 23:32:44, SELF, v:1, k:ed@magicsearch, self:1, rate:100, study:20, refactor:1
2026-07-05 23:30:32, MOVE, v:1, k:ed@magicsearch, mode:EDIT
2026-07-05 23:33:29, MOVE, v:1, k:ed@battleship, mode:DOWN
2026-07-05 23:33:30, MOVE, v:1, k:ed@battleship, mode:PICK
2026-07-05 23:35:31, EXEC, v:1, k:ed@battleship, mode:FULL, size:33, fail:COMP
2026-07-05 23:33:29, MOVE, v:1, k:ed@battleship, mode:EDIT
2026-07-05 23:37:00, MOVE, v:1, k:ed@battleship, mode:EDIT
2026-07-05 23:39:35, MOVE, v:1, k:ed@battleship, mode:BACK
2026-07-05 23:39:42, MOVE, v:1, k:ed@battleship, mode:PICK
2026-07-05 23:41:38, EXEC, v:1, k:ed@battleship, mode:FULL, size:39, fail:COMP
2026-07-05 23:41:51, EXEC, v:1, k:ed@battleship, mode:FULL, rate:50, size:41
2026-07-05 23:41:52, EXEC, v:1, k:ed@battleship, mode:FULL, rate:50
2026-07-05 23:41:55, MOVE, v:1, k:ed@battleship, mode:BACK
2026-07-05 23:42:02, MOVE, v:1, k:ed@battleship, mode:PICK
2026-07-05 23:46:16, EXEC, v:1, k:ed@battleship, mode:FULL, rate:50, size:44
2026-07-05 23:46:18, MOVE, v:1, k:ed@battleship, mode:BACK
2026-07-05 23:46:24, MOVE, v:1, k:ed@battleship, mode:PICK
2026-07-05 23:46:48, MOVE, v:1, k:ed@battleship, mode:BACK
2026-07-05 23:46:58, MOVE, v:1, k:ed@battleship, mode:PICK
2026-07-05 23:47:01, EXEC, v:1, k:ed@battleship, mode:FULL, rate:100, size:45
2026-07-05 23:47:17, MOVE, v:1, k:ed@battleship, mode:BACK
2026-07-05 23:47:18, MOVE, v:1, k:ed@battleship, mode:PICK
2026-07-05 23:47:37, MOVE, v:1, k:ed@battleship, mode:BACK
2026-07-05 23:47:53, SELF, v:1, k:ed@battleship, self:1, rate:100, study:15, concept:1
