2026-05-05 10:23:53, MOVE, v:1, k:ed@editorint, mode:DOWN
2026-05-05 10:23:55, MOVE, v:1, k:ed@editorint, mode:PICK
2026-05-05 10:26:20, MOVE, v:1, k:ed@editorint, mode:BACK
2026-05-05 10:28:05, EXEC, v:1, k:src@go, mode:FREE, size:259
2026-05-05 10:30:26, EXEC, v:1, k:src@go, mode:FREE
2026-05-05 10:31:20, MOVE, v:1, k:ed@editorint, mode:DOWN
2026-05-05 10:31:21, MOVE, v:1, k:ed@editorint, mode:PICK
2026-05-05 10:33:50, EXEC, v:1, k:src@go, mode:FREE
2026-05-05 10:33:57, MOVE, v:1, k:ed@editorint, mode:BACK
2026-05-05 10:34:33, EXEC, v:1, k:ed@editorint, mode:FREE
2026-05-05 10:39:08, MOVE, v:1, k:ed@editorint, mode:PICK
2026-05-05 10:48:03, MOVE, v:1, k:ed@editorint, mode:BACK
2026-05-05 10:52:18, MOVE, v:1, k:ed@editorint, mode:PICK
2026-05-05 11:03:21, EXEC, v:1, k:ed@editorint, mode:LOCK, rate:0, size:259
2026-05-05 11:03:32, MOVE, v:1, k:ed@editorint, mode:BACK
2026-05-05 11:03:57, EXEC, v:1, k:ed@editorint, mode:FREE
2026-05-05 11:07:30, EXEC, v:1, k:ed@editorint, mode:FREE
2026-05-05 11:08:02, EXEC, v:1, k:ed@editorint, mode:FREE
2026-05-05 11:09:01, EXEC, v:1, k:ed@editorint, mode:FREE
2026-05-05 11:15:33, EXEC, v:1, k:ed@editorint, mode:FREE
2026-05-05 11:22:29, EXEC, v:1, k:ed@editorint, mode:FREE
2026-05-05 11:25:23, EXEC, v:1, k:ed@editorint, mode:FREE
2026-05-05 11:26:06, EXEC, v:1, k:ed@editorint, mode:FREE
2026-05-05 11:27:04, EXEC, v:1, k:ed@editorint, mode:FREE
2026-05-05 11:32:25, EXEC, v:1, k:ed@editorint, mode:FREE
2026-05-05 11:32:59, EXEC, v:1, k:ed@editorint, mode:FREE
2026-05-05 11:33:53, EXEC, v:1, k:ed@editorint, mode:FREE
2026-05-05 16:00:15, MOVE, v:1, k:ed@editorint, mode:PICK
2026-05-05 16:00:18, MOVE, v:1, k:ed@editorint, mode:BACK
2026-05-05 16:00:37, EXEC, v:1, k:ed@editorint, mode:FREE
2026-05-05 16:00:50, MOVE, v:1, k:ed@editorint, mode:PICK
2026-05-05 16:05:25, MOVE, v:1, k:ed@editorint, mode:BACK
2026-05-05 16:05:36, EXEC, v:1, k:ed@editorint, mode:FREE
2026-05-05 16:05:56, MOVE, v:1, k:ed@editorint, mode:PICK
2026-05-05 16:08:59, MOVE, v:1, k:ed@editorint, mode:BACK
2026-05-05 16:09:08, EXEC, v:1, k:ed@editorint, mode:FREE
2026-05-05 16:09:49, MOVE, v:1, k:ed@editorint, mode:PICK
2026-05-05 16:09:58, EXEC, v:1, k:ed@editorint, mode:LOCK, rate:0, size:268
2026-05-05 16:09:58, EXEC, v:1, k:ed@editorint, mode:FREE, size:268
2026-05-05 16:10:04, MOVE, v:1, k:ed@editorint, mode:BACK
2026-05-05 16:10:39, EXEC, v:1, k:ed@editorint, mode:FREE
2026-05-05 16:10:52, MOVE, v:1, k:ed@editorint, mode:PICK
2026-05-05 16:23:11, MOVE, v:1, k:ed@editorint, mode:BACK
2026-05-05 16:23:26, EXEC, v:1, k:ed@editorint, mode:FREE
2026-05-05 16:25:10, EXEC, v:1, k:ed@editorint, mode:FREE
2026-05-05 16:25:24, EXEC, v:1, k:ed@editorint, mode:FREE
2026-05-05 16:29:12, MOVE, v:1, k:ed@editorint, mode:PICK
2026-05-05 16:30:47, MOVE, v:1, k:ed@editorint, mode:BACK
2026-05-05 16:30:52, EXEC, v:1, k:ed@editorint, mode:FREE
2026-05-05 16:31:32, EXEC, v:1, k:ed@editorint, mode:FREE
2026-05-05 16:31:55, MOVE, v:1, k:ed@editorint, mode:PICK
2026-05-05 16:35:15, MOVE, v:1, k:ed@editorint, mode:BACK
2026-05-05 16:35:18, EXEC, v:1, k:ed@editorint, mode:FREE
2026-05-05 16:35:40, MOVE, v:1, k:ed@editorint, mode:PICK
2026-05-05 16:41:54, MOVE, v:1, k:ed@editorint, mode:BACK
2026-05-05 16:41:57, EXEC, v:1, k:ed@editorint, mode:FREE
2026-05-05 16:42:16, MOVE, v:1, k:ed@editorint, mode:PICK
2026-05-05 16:49:57, MOVE, v:1, k:ed@editorint, mode:BACK
2026-05-05 16:50:02, EXEC, v:1, k:ed@editorint, mode:FREE
2026-05-05 16:50:52, MOVE, v:1, k:ed@editorint, mode:PICK
2026-05-05 16:56:16, MOVE, v:1, k:ed@editorint, mode:BACK
2026-05-05 16:56:20, EXEC, v:1, k:ed@editorint, mode:FREE
2026-05-05 16:59:37, MOVE, v:1, k:ed@editorint, mode:PICK
2026-05-05 17:04:46, MOVE, v:1, k:ed@editorint, mode:BACK
2026-05-05 17:04:54, EXEC, v:1, k:ed@editorint, mode:FREE
2026-05-05 17:10:29, SELF, v:1, k:ed@editorint, self:1, rate:100, study:140, concept:1, refactor:1
2026-05-05 18:10:58, MOVE, v:1, k:ed@editor, mode:BACK
2026-05-05 18:11:01, MOVE, v:1, k:ed@editor, mode:DOWN
2026-05-05 18:11:16, MOVE, v:1, k:ed@editor, mode:DOWN
2026-05-05 18:11:18, MOVE, v:1, k:ed@editor, mode:PICK
2026-05-05 18:11:16, MOVE, v:1, k:ed@editor, mode:EDIT
2026-05-05 18:11:16, MOVE, v:1, k:ed@editor, mode:EDIT
2026-05-05 18:11:16, MOVE, v:1, k:ed@editor, mode:EDIT
2026-05-05 18:10:37, MOVE, v:1, k:ed@editorint, mode:EDIT
2026-05-05 18:15:21, EXEC, v:1, k:ed@editor, mode:FULL, rate:0, size:7
2026-05-05 18:15:24, EXEC, v:1, k:ed@editor, mode:FREE
2026-05-05 18:15:47, EXEC, v:1, k:ed@editor, mode:FREE, size:7
2026-05-05 18:18:34, EXEC, v:1, k:ed@editor, mode:FREE, size:15
2026-05-05 18:18:33, MOVE, v:1, k:ed@editor, mode:EDIT
2026-05-05 18:35:55, EXEC, v:1, k:ed@editor, mode:FULL, size:23, fail:COMP
2026-05-05 18:35:56, EXEC, v:1, k:ed@editor, mode:FULL, fail:COMP
2026-05-05 18:35:57, EXEC, v:1, k:ed@editor, mode:FULL, fail:COMP
2026-05-05 18:37:02, EXEC, v:1, k:ed@editor, mode:FULL, rate:0, size:23
2026-05-05 18:36:58, MOVE, v:1, k:ed@editor, mode:EDIT
2026-05-05 18:41:53, EXEC, v:1, k:ed@editor, mode:FULL, size:29, fail:COMP
2026-05-05 18:42:18, EXEC, v:1, k:ed@editor, mode:FULL, fail:COMP
2026-05-05 18:43:30, EXEC, v:1, k:ed@editor, mode:FULL, size:34, fail:COMP
2026-05-05 18:43:28, MOVE, v:1, k:ed@editor, mode:EDIT
2026-05-05 18:46:16, EXEC, v:1, k:ed@editor, mode:FULL, rate:0, size:35
2026-05-05 18:46:53, EXEC, v:1, k:ed@editor, mode:FULL, size:37, fail:COMP
2026-05-05 18:47:06, EXEC, v:1, k:ed@editor, mode:FULL, fail:COMP
2026-05-05 18:47:13, EXEC, v:1, k:ed@editor, mode:FULL, rate:0, size:37
2026-05-05 18:49:41, EXEC, v:1, k:ed@editor, mode:FULL, rate:16, size:21
2026-05-05 18:49:38, MOVE, v:1, k:ed@editor, mode:EDIT
2026-05-05 18:57:09, MOVE, v:1, k:ed@editor, mode:BACK
2026-05-05 18:57:37, MOVE, v:1, k:ed@editor, mode:PICK
2026-05-05 18:58:04, EXEC, v:1, k:ed@editor, mode:FULL, rate:66, size:36
2026-05-05 18:58:07, MOVE, v:1, k:ed@editor, mode:BACK
2026-05-05 18:58:24, MOVE, v:1, k:ed@editor, mode:PICK
2026-05-05 18:59:15, EXEC, v:1, k:ed@editor, mode:FULL, rate:66
2026-05-05 18:59:40, MOVE, v:1, k:ed@editor, mode:BACK
2026-05-05 18:59:45, MOVE, v:1, k:ed@editor, mode:PICK
2026-05-05 19:05:21, EXEC, v:1, k:ed@editor, mode:FULL, rate:66
2026-05-05 19:13:30, EXEC, v:1, k:ed@editor, mode:FULL, rate:100, size:44
2026-05-05 19:13:43, EXEC, v:1, k:ed@editor, mode:FULL, rate:100, size:44
2026-05-05 19:13:44, EXEC, v:1, k:ed@editor, mode:FULL, rate:100
2026-05-05 19:13:46, MOVE, v:1, k:ed@editor, mode:BACK
2026-05-05 19:14:06, SELF, v:1, k:ed@editor, self:1, rate:100, study:60, concept:1, refactor:1
2026-05-05 19:15:30, MOVE, v:1, k:ed@prin_list1, mode:DOWN
2026-05-05 19:15:31, MOVE, v:1, k:ed@prin_list1, mode:PICK
2026-05-05 19:15:30, MOVE, v:1, k:ed@prin_list1, mode:EDIT
2026-05-05 19:15:30, MOVE, v:1, k:ed@prin_list1, mode:EDIT
2026-05-05 19:15:30, MOVE, v:1, k:ed@prin_list1, mode:EDIT
2026-05-05 19:22:22, EXEC, v:1, k:ed@prin_list1, mode:FULL, size:176, fail:COMP
2026-05-05 19:22:34, EXEC, v:1, k:ed@prin_list1, mode:LOCK, rate:0, size:176
2026-05-05 19:22:37, MOVE, v:1, k:ed@prin_list1, mode:BACK
2026-05-05 19:22:44, MOVE, v:1, k:ed@prin_list1, mode:PICK
2026-05-05 19:22:53, EXEC, v:1, k:ed@prin_list1, mode:LOCK, rate:0
2026-05-05 19:23:25, MOVE, v:1, k:ed@prin_list1, mode:BACK
2026-05-05 19:23:27, MOVE, v:1, k:ed@prin_list1, mode:PICK
2026-05-05 19:27:40, EXEC, v:1, k:ed@prin_list1, mode:LOCK, rate:0, size:180
2026-05-05 19:27:25, MOVE, v:1, k:ed@prin_list1, mode:EDIT
2026-05-05 19:27:46, MOVE, v:1, k:ed@prin_list1, mode:BACK
2026-05-05 19:29:20, MOVE, v:1, k:ed@prin_list1, mode:PICK
2026-05-05 19:33:29, EXEC, v:1, k:ed@prin_list1, mode:LOCK, rate:0, size:184
2026-05-05 19:35:05, EXEC, v:1, k:ed@prin_list1, mode:LOCK, rate:0
2026-05-05 19:35:30, MOVE, v:1, k:ed@prin_list1, mode:BACK
2026-05-05 19:36:19, MOVE, v:1, k:ed@prin_list1, mode:PICK
2026-05-05 19:36:31, MOVE, v:1, k:ed@prin_list1, mode:BACK
