2026-06-05 14:33:46, MOVE, v:1, k:ed@dfs_read, mode:DOWN
2026-06-05 14:33:53, MOVE, v:1, k:ed@dfs_read, mode:PICK
2026-06-05 14:34:11, MOVE, v:1, k:ed@dfs_read, mode:BACK
2026-06-05 14:36:03, MOVE, v:1, k:ed@queimando, mode:DOWN
2026-06-05 14:36:04, MOVE, v:1, k:ed@queimando, mode:PICK
2026-06-05 14:33:46, MOVE, v:1, k:ed@dfs_read, mode:EDIT
2026-06-05 14:33:46, MOVE, v:1, k:ed@dfs_read, mode:EDIT
2026-06-05 14:36:03, MOVE, v:1, k:ed@queimando, mode:EDIT
2026-06-05 14:36:03, MOVE, v:1, k:ed@queimando, mode:EDIT
2026-06-05 14:36:03, MOVE, v:1, k:ed@queimando, mode:EDIT
2026-06-05 14:36:03, MOVE, v:1, k:ed@queimando, mode:EDIT
2026-06-05 14:42:09, EXEC, v:1, k:ed@queimando, mode:FULL, size:77, fail:COMP
2026-06-05 14:42:20, EXEC, v:1, k:ed@queimando, mode:FULL, size:77, fail:COMP
2026-06-05 14:42:22, MOVE, v:1, k:ed@queimando, mode:BACK
2026-06-05 14:42:32, MOVE, v:1, k:ed@queimando, mode:PICK
2026-06-05 14:46:06, EXEC, v:1, k:ed@queimando, mode:FULL, size:81, fail:COMP
2026-06-05 14:46:02, MOVE, v:1, k:ed@queimando, mode:EDIT
2026-06-05 14:49:37, EXEC, v:1, k:ed@queimando, mode:FULL, size:87, fail:COMP
2026-06-05 14:49:38, MOVE, v:1, k:ed@queimando, mode:BACK
2026-06-05 14:49:55, MOVE, v:1, k:ed@queimando, mode:PICK
2026-06-05 14:49:59, MOVE, v:1, k:ed@queimando, mode:EDIT
2026-06-05 14:55:28, EXEC, v:1, k:ed@queimando, mode:FULL, size:100, fail:COMP
2026-06-05 14:56:47, MOVE, v:1, k:ed@queimando, mode:BACK
2026-06-05 14:56:54, MOVE, v:1, k:ed@queimando, mode:PICK
2026-06-05 14:56:57, MOVE, v:1, k:ed@queimando, mode:EDIT
2026-06-05 15:04:40, EXEC, v:1, k:ed@queimando, mode:FULL, size:104, fail:COMP
2026-06-05 15:04:46, MOVE, v:1, k:ed@queimando, mode:BACK
2026-06-05 15:04:55, MOVE, v:1, k:ed@queimando, mode:PICK
2026-06-05 15:06:16, MOVE, v:1, k:ed@queimando, mode:EDIT
2026-06-05 15:14:32, MOVE, v:1, k:ed@queimando, mode:EDIT
2026-06-05 15:18:42, EXEC, v:1, k:ed@queimando, mode:FULL, size:94, fail:COMP
2026-06-05 15:18:58, EXEC, v:1, k:ed@queimando, mode:FULL, size:90, fail:COMP
2026-06-05 15:18:56, MOVE, v:1, k:ed@queimando, mode:EDIT
2026-06-05 15:20:02, MOVE, v:1, k:ed@queimando, mode:BACK
2026-06-05 15:20:14, MOVE, v:1, k:ed@queimando, mode:PICK
2026-06-05 15:20:16, MOVE, v:1, k:ed@queimando, mode:BACK
2026-06-05 15:20:19, MOVE, v:1, k:ed@queimando, mode:PICK
2026-06-05 15:22:32, MOVE, v:1, k:ed@queimando, mode:BACK
2026-06-05 15:22:37, MOVE, v:1, k:ed@queimando, mode:PICK
2026-06-05 15:23:28, EXEC, v:1, k:ed@queimando, mode:FULL, size:94, fail:COMP
2026-06-05 15:26:21, EXEC, v:1, k:ed@queimando, mode:FULL, size:94, fail:COMP
2026-06-05 15:26:41, EXEC, v:1, k:ed@queimando, mode:FULL, rate:100, size:94
2026-06-05 15:26:44, MOVE, v:1, k:ed@queimando, mode:BACK
2026-06-05 15:30:09, SELF, v:1, k:ed@queimando, self:1, rate:100, study:50, concept:1, refactor:1
2026-06-05 15:41:27, MOVE, v:1, k:ed@queimando, mode:PICK
2026-06-05 15:44:31, MOVE, v:1, k:ed@queimando, mode:BACK
2026-06-05 15:45:37, MOVE, v:1, k:ed@especiais, mode:PICK
2026-06-05 16:14:06, MOVE, v:1, k:ed@especiais, mode:BACK
