2026-05-20 08:29:19, MOVE, v:1, k:ed@distancia, mode:PICK
2026-05-20 08:47:17, MOVE, v:1, k:ed@distancia, mode:EDIT
2026-05-20 08:52:30, MOVE, v:1, k:ed@distancia, mode:BACK
2026-05-20 08:53:22, MOVE, v:1, k:ed@distancia, mode:PICK
2026-05-20 08:54:58, EXEC, v:1, k:ed@distancia, mode:FULL, rate:0, size:38
2026-05-20 08:58:19, MOVE, v:1, k:ed@distancia, mode:EDIT
2026-05-20 09:02:42, MOVE, v:1, k:ed@distancia, mode:EDIT
2026-05-20 09:03:23, EXEC, v:1, k:ed@distancia, mode:FULL, rate:14, size:56
2026-05-20 09:06:10, EXEC, v:1, k:ed@distancia, mode:FREE
2026-05-20 09:06:22, MOVE, v:1, k:ed@distancia, mode:PICK
2026-05-20 09:06:29, MOVE, v:1, k:ed@distancia, mode:EDIT
2026-05-20 09:13:14, EXEC, v:1, k:ed@distancia, mode:FULL, rate:100, size:66
2026-05-20 09:14:12, MOVE, v:1, k:ed@distancia, mode:BACK
2026-05-20 09:14:48, SELF, v:1, k:ed@distancia, self:1, rate:100, study:50, concept:1, problem:1, refactor:1
2026-05-20 09:17:06, MOVE, v:1, k:ed@ilhas, mode:DOWN
2026-05-20 09:17:07, MOVE, v:1, k:ed@ilhas, mode:PICK
2026-05-20 09:17:55, MOVE, v:1, k:ed@ilhas, mode:BACK
2026-05-20 09:17:57, MOVE, v:1, k:ed@ilhas, mode:PICK
2026-05-20 10:09:48, MOVE, v:1, k:ed@ilhas, mode:PICK
2026-05-20 10:14:31, MOVE, v:1, k:ed@ilhas, mode:BACK
2026-05-20 10:15:54, MOVE, v:1, k:ed@ilhas, mode:PICK
2026-05-20 10:16:12, MOVE, v:1, k:ed@ilhas, mode:BACK
2026-05-20 10:16:15, MOVE, v:1, k:ed@ilhas, mode:PICK
2026-05-20 10:19:49, MOVE, v:1, k:ed@ilhas, mode:BACK
2026-05-20 10:20:38, MOVE, v:1, k:ed@ilhas, mode:PICK
2026-05-20 10:22:45, MOVE, v:1, k:ed@ilhas, mode:BACK
2026-05-20 10:23:34, SELF, v:1, k:ed@manipulacao, self:1, rate:100, concept:1, code:1, refactor:1
2026-05-20 10:23:59, SELF, v:1, k:ed@manipulacao, self:1, rate:100, study:40, concept:1, code:1, refactor:1
2026-05-20 10:24:11, SELF, v:1, k:ed@manipulacao, self:1, rate:100, study:60, concept:1, code:1, refactor:1
2026-05-20 10:24:47, MOVE, v:1, k:ed@ilhas, mode:PICK
2026-05-20 10:26:55, MOVE, v:1, k:ed@ilhas, mode:BACK
2026-05-20 10:27:29, MOVE, v:1, k:ed@ilhas, mode:PICK
2026-05-20 10:27:59, MOVE, v:1, k:ed@ilhas, mode:BACK
2026-05-20 10:28:29, MOVE, v:1, k:ed@ilhas, mode:PICK
2026-05-20 10:30:12, EXEC, v:1, k:ed@ilhas, mode:FULL, size:31, fail:COMP
2026-05-20 10:42:39, EXEC, v:1, k:ed@ilhas, mode:FULL, size:42, fail:COMP
2026-05-20 10:42:32, MOVE, v:1, k:ed@ilhas, mode:EDIT
2026-05-20 10:50:54, EXEC, v:1, k:ed@ilhas, mode:FULL, rate:0, size:48
2026-05-20 10:51:01, EXEC, v:1, k:ed@ilhas, mode:FULL, rate:0
2026-05-20 10:51:15, EXEC, v:1, k:ed@ilhas, mode:FULL, rate:0, size:49
2026-05-20 10:52:08, MOVE, v:1, k:ed@ilhas, mode:EDIT
2026-05-20 10:56:12, EXEC, v:1, k:ed@ilhas, mode:FULL, rate:100, size:49
2026-05-20 10:56:53, MOVE, v:1, k:ed@ilhas, mode:BACK
2026-05-20 10:56:07, MOVE, v:1, k:ed@ilhas, mode:EDIT
2026-05-20 10:57:14, SELF, v:1, k:ed@ilhas, self:1, rate:100, study:70, concept:1, refactor:1
2026-05-20 10:58:36, MOVE, v:1, k:ed@wordsearch, mode:DOWN
2026-05-20 10:58:43, MOVE, v:1, k:ed@wordsearch, mode:PICK
2026-05-20 10:59:10, MOVE, v:1, k:ed@wordsearch, mode:BACK
2026-05-20 10:59:12, MOVE, v:1, k:ed@subset_sum, mode:DOWN
2026-05-20 10:59:13, MOVE, v:1, k:ed@subset_sum, mode:PICK
2026-05-20 10:58:36, MOVE, v:1, k:ed@wordsearch, mode:EDIT
2026-05-20 10:58:36, MOVE, v:1, k:ed@wordsearch, mode:EDIT
2026-05-20 10:58:36, MOVE, v:1, k:ed@wordsearch, mode:EDIT
2026-05-20 10:58:36, MOVE, v:1, k:ed@wordsearch, mode:EDIT
2026-05-20 10:59:12, MOVE, v:1, k:ed@subset_sum, mode:EDIT
2026-05-20 10:59:12, MOVE, v:1, k:ed@subset_sum, mode:EDIT
2026-05-20 10:59:12, MOVE, v:1, k:ed@subset_sum, mode:EDIT
2026-05-20 11:06:16, EXEC, v:1, k:ed@subset_sum, mode:FULL, rate:0, size:5
2026-05-20 11:06:21, EXEC, v:1, k:ed@subset_sum, mode:FULL, size:12, fail:COMP
2026-05-20 11:06:49, EXEC, v:1, k:ed@subset_sum, mode:FULL, size:12, fail:COMP
2026-05-20 11:06:43, MOVE, v:1, k:ed@subset_sum, mode:EDIT
2026-05-20 11:14:30, MOVE, v:1, k:ed@subset_sum, mode:BACK
2026-05-20 11:16:06, MOVE, v:1, k:ed@subset_sum, mode:PICK
2026-05-20 11:16:07, MOVE, v:1, k:ed@subset_sum, mode:BACK
2026-05-20 11:16:18, MOVE, v:1, k:ed@subset_sum, mode:PICK
2026-05-20 11:16:23, MOVE, v:1, k:ed@subset_sum, mode:EDIT
2026-05-20 11:35:23, EXEC, v:1, k:ed@subset_sum, mode:FULL, size:33, fail:COMP
2026-05-20 11:35:42, MOVE, v:1, k:ed@subset_sum, mode:EDIT
2026-05-20 11:37:26, EXEC, v:1, k:ed@subset_sum, mode:FULL, size:39, fail:COMP
2026-05-20 11:37:49, EXEC, v:1, k:ed@subset_sum, mode:FULL, size:39, fail:COMP
2026-05-20 11:38:29, EXEC, v:1, k:ed@subset_sum, mode:FULL, size:39, fail:COMP
2026-05-20 11:38:40, EXEC, v:1, k:ed@subset_sum, mode:FULL, rate:100, size:39
2026-05-20 11:38:45, MOVE, v:1, k:ed@subset_sum, mode:BACK
2026-05-20 11:41:10, MOVE, v:1, k:ed@subset_sum, mode:PICK
2026-05-20 11:41:17, EXEC, v:1, k:ed@subset_sum, mode:FULL, rate:100, size:36
2026-05-20 11:41:19, MOVE, v:1, k:ed@subset_sum, mode:BACK
2026-05-20 11:41:32, SELF, v:1, k:ed@subset_sum, self:1, rate:100, study:40, concept:1
