2026-06-21 10:48:51, MOVE, v:1, k:ed@prin_list1, mode:PICK
2026-06-21 10:49:26, MOVE, v:1, k:ed@prin_list1, mode:BACK
2026-06-21 10:50:41, MOVE, v:1, k:ed@pintura, mode:PICK
2026-06-21 10:50:51, EXEC, v:1, k:ed@pintura, mode:FULL, fail:COMP
2026-06-21 10:51:48, MOVE, v:1, k:ed@pintura, mode:BACK
2026-06-21 10:50:46, MOVE, v:1, k:ed@pintura, mode:EDIT
2026-06-21 10:59:19, MOVE, v:1, k:ed@pintura, mode:PICK
2026-06-21 11:00:06, MOVE, v:1, k:ed@pintura, mode:BACK
2026-06-21 11:00:09, MOVE, v:1, k:ed@pintura, mode:PICK
2026-06-21 11:00:16, MOVE, v:1, k:ed@pintura, mode:BACK
2026-06-21 11:00:32, MOVE, v:1, k:ed@pintura, mode:PICK
2026-06-21 11:03:11, MOVE, v:1, k:ed@pintura, mode:BACK
2026-06-21 11:03:43, MOVE, v:1, k:ed@pintura, mode:PICK
2026-06-21 11:08:17, MOVE, v:1, k:ed@pintura, mode:BACK
2026-06-21 11:08:14, MOVE, v:1, k:ed@pintura, mode:EDIT
2026-06-21 11:08:32, MOVE, v:1, k:ed@pintura, mode:PICK
2026-06-21 11:13:11, EXEC, v:1, k:ed@pintura, mode:FULL, size:73, fail:COMP
2026-06-21 11:13:04, MOVE, v:1, k:ed@pintura, mode:EDIT
2026-06-21 11:13:59, EXEC, v:1, k:ed@pintura, mode:FULL, size:75, fail:COMP
2026-06-21 11:14:41, EXEC, v:1, k:ed@pintura, mode:FULL, rate:50, size:77
2026-06-21 11:14:41, MOVE, v:1, k:ed@pintura, mode:BACK
2026-06-21 11:15:04, MOVE, v:1, k:ed@pintura, mode:PICK
2026-06-21 11:17:04, EXEC, v:1, k:ed@pintura, mode:FULL, rate:50, size:79
2026-06-21 11:17:21, MOVE, v:1, k:ed@pintura, mode:BACK
2026-06-21 11:17:29, MOVE, v:1, k:ed@pintura, mode:PICK
2026-06-21 11:17:33, MOVE, v:1, k:ed@pintura, mode:BACK
2026-06-21 11:17:34, MOVE, v:1, k:ed@pintura, mode:PICK
2026-06-21 11:19:42, MOVE, v:1, k:ed@pintura, mode:EDIT
2026-06-21 11:21:00, MOVE, v:1, k:ed@pintura, mode:BACK
2026-06-21 11:21:02, MOVE, v:1, k:ed@pintura, mode:PICK
2026-06-21 11:21:46, EXEC, v:1, k:ed@pintura, mode:FULL, size:82, fail:COMP
2026-06-21 11:22:10, MOVE, v:1, k:ed@pintura, mode:BACK
2026-06-21 11:22:13, MOVE, v:1, k:ed@pintura, mode:PICK
2026-06-21 11:23:42, EXEC, v:1, k:ed@pintura, mode:FULL, rate:100, size:82
2026-06-21 11:23:45, MOVE, v:1, k:ed@pintura, mode:BACK
2026-06-21 11:24:07, SELF, v:1, k:ed@pintura, self:1, rate:100, study:40, concept:1
