2026-05-03 19:52:26, MOVE, v:1, k:ed@vetbuild, mode:PICK
2026-05-03 19:52:28, MOVE, v:1, k:ed@vetbuild, mode:BACK
2026-05-03 20:13:09, MOVE, v:1, k:ed@lista_d1, mode:DOWN
2026-05-03 20:13:09, MOVE, v:1, k:ed@lista_d1, mode:EDIT
2026-05-03 20:13:09, MOVE, v:1, k:ed@lista_d1, mode:EDIT
2026-05-03 20:13:09, MOVE, v:1, k:ed@lista_d1, mode:EDIT
2026-05-03 20:13:09, MOVE, v:1, k:ed@lista_d1, mode:EDIT
2026-05-03 20:32:45, MOVE, v:1, k:ed@lista_d1, mode:PICK
2026-05-03 20:40:24, EXEC, v:1, k:ed@lista_d1, mode:FULL, rate:0, size:57
2026-05-03 20:40:26, MOVE, v:1, k:ed@lista_d1, mode:BACK
2026-05-03 20:40:34, MOVE, v:1, k:ed@lista_d1, mode:PICK
2026-05-03 20:55:30, MOVE, v:1, k:ed@lista_d1, mode:EDIT
2026-05-03 20:55:36, EXEC, v:1, k:ed@lista_d1, mode:FULL, size:57, fail:COMP
2026-05-03 20:56:17, EXEC, v:1, k:ed@lista_d1, mode:FULL, rate:28, size:99
2026-05-03 20:56:23, MOVE, v:1, k:ed@lista_d1, mode:BACK
2026-05-03 20:56:32, MOVE, v:1, k:ed@lista_d1, mode:PICK
2026-05-03 21:00:37, EXEC, v:1, k:ed@lista_d1, mode:FULL, size:103, fail:COMP
2026-05-03 21:00:32, MOVE, v:1, k:ed@lista_d1, mode:EDIT
2026-05-03 21:01:46, EXEC, v:1, k:ed@lista_d1, mode:FULL, size:103, fail:COMP
2026-05-03 21:02:33, EXEC, v:1, k:ed@lista_d1, mode:FULL, rate:42, size:107
2026-05-03 21:03:44, EXEC, v:1, k:ed@lista_d1, mode:FULL, rate:42
2026-05-03 21:03:52, EXEC, v:1, k:ed@lista_d1, mode:FULL, rate:42
2026-05-03 21:04:58, EXEC, v:1, k:ed@lista_d1, mode:FULL, rate:57, size:113
2026-05-03 21:05:15, MOVE, v:1, k:ed@lista_d1, mode:BACK
2026-05-03 21:05:30, MOVE, v:1, k:ed@lista_d1, mode:PICK
2026-05-03 21:05:31, EXEC, v:1, k:ed@lista_d1, mode:FULL, rate:57
2026-05-03 21:05:33, MOVE, v:1, k:ed@lista_d1, mode:BACK
2026-05-03 21:05:44, MOVE, v:1, k:ed@lista_d1, mode:PICK
2026-05-03 21:05:46, EXEC, v:1, k:ed@lista_d1, mode:FULL, rate:57
2026-05-03 21:05:47, MOVE, v:1, k:ed@lista_d1, mode:BACK
2026-05-03 21:05:52, MOVE, v:1, k:ed@lista_d1, mode:PICK
2026-05-03 21:05:53, MOVE, v:1, k:ed@lista_d1, mode:BACK
2026-05-03 21:07:15, MOVE, v:1, k:ed@lista_d1, mode:PICK
2026-05-03 21:08:10, EXEC, v:1, k:ed@lista_d1, mode:FULL, rate:71, size:126
2026-05-03 21:08:16, MOVE, v:1, k:ed@lista_d1, mode:BACK
2026-05-03 21:08:22, MOVE, v:1, k:ed@lista_d1, mode:PICK
2026-05-03 21:16:30, EXEC, v:1, k:ed@lista_d1, mode:FULL, rate:71
2026-05-03 21:16:31, EXEC, v:1, k:ed@lista_d1, mode:FULL, rate:71
2026-05-03 21:17:48, EXEC, v:1, k:ed@lista_d1, mode:FULL, rate:85, size:140
2026-05-03 21:17:41, MOVE, v:1, k:ed@lista_d1, mode:EDIT
2026-05-03 21:20:51, EXEC, v:1, k:ed@lista_d1, mode:FULL, rate:85
2026-05-03 21:21:15, EXEC, v:1, k:ed@lista_d1, mode:FULL, rate:100, size:154
2026-05-03 21:21:18, MOVE, v:1, k:ed@lista_d1, mode:BACK
2026-05-03 21:21:51, SELF, v:1, k:ed@lista_d1, self:1, rate:100, study:70, concept:1, problem:1, refactor:1
